[www.chronicle-web.com/plus/index.html]
[backblue.gif]
[fade.gif]
[index.html]
[www.chronicle-web.com/plus/cache/images/icon/favicons/apple-touch-icon.png]
[www.chronicle-web.com/plus/cache/images/icon/favicons/favicon-32x32.png]
[www.chronicle-web.com/plus/cache/images/icon/favicons/favicon-16x16.png]
[www.chronicle-web.com/plus/cache/assets/themes/my-bootstrap/dist/css/bootstrap7c50.css]
[maxcdn.bootstrapcdn.com/font-awesome/4.5.0/css/font-awesome.min7c50.css]
[www.chronicle-web.com/plus/cache/assets/themes/my-bootstrap/css/global-navi7c50.css]
[www.chronicle-web.com/plus/cache/owlcarousel/assets/owl.carousel.min7c50.css]
[www.chronicle-web.com/plus/cache/assets/themes/my-bootstrap/css/styles.css]
[www.chronicle-web.com/plus/cache/assets/themes/my-bootstrap/css/mobile7c50.css]
[www.chronicle-web.com/plus/cache/common/css/styles_nicker7c50.css]
[www.chronicle-web.com/plus/cache/common/css/mobile_nicker7c50.css]
[www.chronicle-web.com/plus/cache/common/js/jquery.mina9db.js]
[www.chronicle-web.com/plus/cache/assets/themes/my-bootstrap/js/jquery.easing.1.37c50.js]
[www.chronicle-web.com/plus/cache/assets/themes/my-bootstrap/dist/js/bootstrap.min7c50.js]
[www.chronicle-web.com/plus/cache/owlcarousel/owl.carousel7c50.js]
[www.chronicle-web.com/plus/cache/assets/themes/my-bootstrap/js/jquery.matchHeight-min7c50.js]
[www.chronicle-web.com/plus/cache/assets/themes/my-bootstrap/js/jquery.datetimepicker.full.min7c50.js]
[www.chronicle-web.com/plus/cache/common/js/jquery.matchHeight-min.js]
[www.chronicle-web.com/plus/cache/assets/themes/my-bootstrap/js/functions7c50.js]
[www.chronicle-web.com/plus/search_condition.html]
[www.chronicle-web.com/plus/cache/common/js/address3.js]
[www.chronicle-web.com/plus/static/common/css/tablet7c50.css]
[www.googleadservices.com/pagead/f.txt]
[www.chronicle-web.com/plus/cache/images/img01.jpg]
[www.chronicle-web.com/plus/flow/index.html]
[www.chronicle-web.com/plus/about/index.html]
[www.chronicle-web.com/plus/voice/index.html]
[www.chronicle-web.com/plus/vr/index.html]
[www.chronicle-web.com/plus/event/index.html]
[www.chronicle-web.com/plus/cache/images/gnavi-freecall-tokyo.png]
[www.chronicle-web.com/plus/works/index.html]
[www.chronicle-web.com/plus/cache/images/works-slide-pc.png]
[www.chronicle-web.com/plus/cache/images/works-slide-sp.png]
[www.chronicle-web.com/plus/cache/images/event-slide-pc.png]
[www.chronicle-web.com/plus/package/index.html]
[www.chronicle-web.com/plus/cache/images/event-slide-sp.png]
[www.chronicle-web.com/plus/cache/images/VR-slide-pc.png]
[www.chronicle-web.com/plus/cache/images/VR-slide-sp.png]
[www.chronicle-web.com/plus/cache/images/fv_img_pc.jpg]
[www.chronicle-web.com/plus/cache/images/fv_img_sp.jpg]
[www.chronicle-web.com/plus/cache/images/icon/i_mansion.png]
[www.chronicle-web.com/plus/cache/images/icon/i_house.png]
[www.chronicle-web.com/plus/favorites.html]
[www.chronicle-web.com/plus/cache/images/icon/i_favoritesProperty.png]
[www.chronicle-web.com/plus/login.html]
[www.chronicle-web.com/plus/cache/vr/img/h2.png]
[www.chronicle-web.com/plus/cache/images/btn_pageTop.jpg]
[www.chronicle-web.com/plus/contactfb78.html]
[www.chronicle-web.com/plus/contact7fa3.html]
[www.chronicle-web.com/plus/cache/images/icon/i_arrow_top.png]
[www.chronicle-web.com/plus/cache/images/logo_white.png]
[www.chronicle-web.com/plus/contact.html]
[www.chronicle-web.com/plus/cache/images/img_penguins.png]
[www.chronicle-web.com/plus/index.html]
[www.chronicle-web.com/plus/cache/images/icon/favicons/manifest.html]
[www.chronicle-web.com/plus/cache/images/icon/favicons/safari-pinned-tab.svg]
[www.chronicle-web.com/plus/cache/assets/themes/my-bootstrap/dist/fonts/glyphicons-halflings-regular.eot]
[www.chronicle-web.com/plus/cache/assets/themes/my-bootstrap/dist/fonts/glyphicons-halflings-regulard41d.eot]
[www.chronicle-web.com/plus/cache/assets/themes/my-bootstrap/dist/fonts/glyphicons-halflings-regular.woff2]
[www.chronicle-web.com/plus/cache/assets/themes/my-bootstrap/dist/fonts/glyphicons-halflings-regular.woff]
[www.chronicle-web.com/plus/cache/assets/themes/my-bootstrap/dist/fonts/glyphicons-halflings-regular.ttf]
[www.chronicle-web.com/plus/cache/assets/themes/my-bootstrap/dist/css/bootstrap7c50.css]
[maxcdn.bootstrapcdn.com/font-awesome/4.5.0/css/font-awesome.min7c50.css]
[www.chronicle-web.com/plus/cache/assets/themes/my-bootstrap/css/global-navi7c50.css]
[www.chronicle-web.com/plus/cache/owlcarousel/assets/owl.video.play.png]
[www.chronicle-web.com/plus/cache/owlcarousel/assets/owl.carousel.min7c50.css]
[www.chronicle-web.com/plus/cache/owlcarousel/assets/owl.theme.default.min7c50.css]
[www.chronicle-web.com/plus/cache/assets/themes/my-bootstrap/css/fonts/Meiryo-Boldd41d.eot]
[www.chronicle-web.com/plus/cache/assets/themes/my-bootstrap/css/fonts/Meiryo-Bold.woff]
[www.chronicle-web.com/plus/cache/assets/themes/my-bootstrap/css/fonts/Meiryo-Bold.ttf]
[www.chronicle-web.com/plus/cache/assets/themes/my-bootstrap/css/fonts/Meiryod41d.eot]
[www.chronicle-web.com/plus/cache/assets/themes/my-bootstrap/css/fonts/Meiryo.woff]
[www.chronicle-web.com/plus/cache/assets/themes/my-bootstrap/css/fonts/Meiryo.ttf]
[www.chronicle-web.com/plus/cache/assets/themes/my-bootstrap/css/fonts/TsukuARdGothic-Boldd41d.eot]
[www.chronicle-web.com/plus/cache/assets/themes/my-bootstrap/css/fonts/TsukuARdGothic-Bold.woff]
[www.chronicle-web.com/plus/cache/assets/themes/my-bootstrap/css/fonts/TsukuARdGothic-Bold.ttf]
[www.chronicle-web.com/plus/cache/assets/themes/my-bootstrap/css/fonts/TsukuARdGothic-Regulard41d.eot]
[www.chronicle-web.com/plus/cache/assets/themes/my-bootstrap/css/fonts/TsukuARdGothic-Regular.woff]
[www.chronicle-web.com/plus/cache/assets/themes/my-bootstrap/css/fonts/TsukuARdGothic-Regular.ttf]
[www.chronicle-web.com/plus/cache/assets/themes/my-bootstrap/css/fonts/GothamMedium.woff]
[www.chronicle-web.com/plus/cache/assets/themes/my-bootstrap/css/fonts/GothamMedium.ttf]
[www.chronicle-web.com/plus/cache/assets/themes/my-bootstrap/css/fonts/gotham-medium.eot]
[www.chronicle-web.com/plus/cache/assets/themes/my-bootstrap/css/fonts/gotham-medium.woff2]
[www.chronicle-web.com/plus/cache/assets/themes/my-bootstrap/css/fonts/gotham-mediumd41d.eot]
[www.chronicle-web.com/plus/cache/assets/themes/my-bootstrap/css/fonts/HiraKakuStdN-W0-AlphaNum.eot]
[www.chronicle-web.com/plus/cache/assets/themes/my-bootstrap/css/fonts/HiraKakuStdN-W0-AlphaNum.woff2]
[www.chronicle-web.com/plus/cache/assets/themes/my-bootstrap/css/fonts/HiraKakuStdN-W0-AlphaNum.woff]
[www.chronicle-web.com/plus/cache/assets/themes/my-bootstrap/css/fonts/HiraKakuStdN-W0-AlphaNum.ttf]
[www.chronicle-web.com/plus/cache/assets/themes/my-bootstrap/css/fonts/HiraKakuStdN-W0-AlphaNumd41d.eot]
[www.chronicle-web.com/plus/cache/images/logo.png]
[www.chronicle-web.com/plus/cache/images/slides/banner.jpg]
[www.chronicle-web.com/plus/cache/images/icon/i_mansion2.png]
[www.chronicle-web.com/plus/cache/images/icon/i_search_white.png]
[www.chronicle-web.com/plus/cache/images/icon/i_listing.png]
[www.chronicle-web.com/plus/cache/images/icon/i_back.png]
[www.chronicle-web.com/plus/static/images/icon/i_arrow_bottom_black.png]
[www.chronicle-web.com/plus/static/images/icon/i_arrow_top.png]
[www.chronicle-web.com/plus/cache/images/icon/i_search_black.png]
[www.chronicle-web.com/plus/cache/images/icon/i_usedPurchase.png]
[www.chronicle-web.com/plus/cache/images/icon/i_purchaseExperiences.png]
[www.chronicle-web.com/plus/cache/images/icon/i_renovationCase.png]
[www.chronicle-web.com/plus/cache/images/icon/i_forRenovation.png]
[www.chronicle-web.com/plus/cache/images/icon/i_ourServices.png]
[www.chronicle-web.com/plus/cache/images/icon/i_arrow_bottom.png]
[www.chronicle-web.com/plus/cache/images/icon/i_location.png]
[www.chronicle-web.com/plus/cache/images/icon/i_route.png]
[www.chronicle-web.com/plus/cache/images/icon/i_specifyConditions.png]
[www.chronicle-web.com/plus/static/images/icon/i_arrow_left_white.png]
[www.chronicle-web.com/plus/cache/images/icon/i_favorites_lg.png]
[www.chronicle-web.com/plus/static/images/icon/i_phone.png]
[www.chronicle-web.com/plus/cache/images/icon/i_prev.jpg]
[www.chronicle-web.com/plus/cache/images/icon/i_next.jpg]
[www.chronicle-web.com/plus/cache/images/icon/i_contact.png]
[www.chronicle-web.com/plus/cache/images/icon/i_checkbox.png]
[www.chronicle-web.com/plus/cache/images/icon/i_back_larg.png]
[www.chronicle-web.com/plus/cache/images/icon/i_next_larg.png]
[www.chronicle-web.com/plus/cache/images/icon/i_zoom.png]
[www.chronicle-web.com/plus/cache/images/white-wakaba.png]
[www.chronicle-web.com/plus/cache/images/white-login.png]
[www.chronicle-web.com/plus/cache/images/white-wakaba-icon.png]
[www.chronicle-web.com/plus/cache/images/white-login-icon.png]
[www.chronicle-web.com/plus/cache/assets/themes/my-bootstrap/css/styles.css]
[www.chronicle-web.com/plus/cache/images/bg_banner_xs.jpg]
[www.chronicle-web.com/plus/cache/assets/themes/my-bootstrap/css/mobile7c50.css]
[www.chronicle-web.com/plus/cache/images/i_user.png]
[www.chronicle-web.com/plus/cache/images/icon01.png]
[www.chronicle-web.com/plus/cache/images/icon02.png]
[www.chronicle-web.com/plus/cache/images/i_searchHouse.png]
[www.chronicle-web.com/plus/cache/images/i_chat.png]
[www.chronicle-web.com/plus/cache/images/i_chat_black.png]
[www.chronicle-web.com/plus/cache/images/i_search.png]
[www.chronicle-web.com/plus/cache/images/i_home_black.png]
[www.chronicle-web.com/plus/cache/images/banner_about.jpg]
[www.chronicle-web.com/plus/cache/images/flow_img09.png]
[www.chronicle-web.com/plus/cache/images/i_list_svg.png]
[www.chronicle-web.com/plus/cache/common/css/styles_nicker7c50.css]
[www.chronicle-web.com/plus/cache/common/css/mobile_nicker7c50.css]
[www.chronicle-web.com/plus/cache/assets/themes/my-bootstrap/dist/css/bootstrap327c.css]
[maxcdn.bootstrapcdn.com/font-awesome/4.5.0/css/font-awesome.min327c.css]
[www.chronicle-web.com/plus/cache/assets/themes/my-bootstrap/css/global-navi327c.css]
[www.chronicle-web.com/plus/cache/owlcarousel/assets/owl.carousel.min327c.css]
[www.chronicle-web.com/plus/cache/assets/themes/my-bootstrap/css/mobile327c.css]
[www.chronicle-web.com/plus/cache/common/css/styles_nicker327c.css]
[www.chronicle-web.com/plus/cache/common/css/mobile_nicker327c.css]
[www.chronicle-web.com/plus/cache/common/js/jquery.minaa4c.js]
[www.chronicle-web.com/plus/cache/assets/themes/my-bootstrap/js/jquery.easing.1.3327c.js]
[www.chronicle-web.com/plus/cache/assets/themes/my-bootstrap/dist/js/bootstrap.min327c.js]
[www.chronicle-web.com/plus/cache/owlcarousel/owl.carousel327c.js]
[www.chronicle-web.com/plus/cache/assets/themes/my-bootstrap/js/jquery.matchHeight-min327c.js]
[www.chronicle-web.com/plus/cache/assets/themes/my-bootstrap/js/jquery.datetimepicker.full.min327c.js]
[www.chronicle-web.com/plus/cache/assets/themes/my-bootstrap/js/functions327c.js]
[www.chronicle-web.com/plus/cache/common/js/search_condition.js]
[www.chronicle-web.com/plus/static/common/css/tablet327c.css]
[www.chronicle-web.com/plus/static/images/icon/i_mansion.png]
[www.chronicle-web.com/plus/static/images/icon/i_house.png]
[www.chronicle-web.com/plus/static/images/icon/i_favoritesProperty.png]
[www.chronicle-web.com/plus/static/images/btn_pageTop.jpg]
[www.chronicle-web.com/plus/search_condition.html]
[www.chronicle-web.com/plus/static/common/css/tablet7c50.css]
[www.googletagmanager.com/gtm5445.html]
[connect.facebook.net/ja_JP/sdk.js]
[www.chronicle-web.com/plus/static/images/i_user_black.png]
[www.chronicle-web.com/plus/static/images/flow_img01.png]
[www.chronicle-web.com/plus/static/images/flow_img02.png]
[www.chronicle-web.com/plus/static/images/flow_img03.png]
[www.chronicle-web.com/plus/static/images/flow_img04.png]
[www.chronicle-web.com/plus/static/images/flow_img05.png]
[www.chronicle-web.com/plus/static/images/flow_img06.png]
[www.chronicle-web.com/plus/static/images/flow_img07.png]
[www.chronicle-web.com/plus/static/images/flow_img09.jpg]
[www.chronicle-web.com/plus/static/images/flow_img08.png]
[www.chronicle-web.com/plus/flow/index.html]
[www.chronicle-web.com/plus/static/images/img01.png]
[www.chronicle-web.com/plus/static/images/img02.png]
[www.chronicle-web.com/plus/static/images/img03.png]
[www.chronicle-web.com/plus/static/images/img04.png]
[www.chronicle-web.com/plus/static/images/img05.png]
[www.chronicle-web.com/plus/static/images/img06.png]
[www.chronicle-web.com/plus/static/images/img07.png]
[www.chronicle-web.com/plus/static/images/photo.png]
[www.chronicle-web.com/plus/about/index.html]
[www.chronicle-web.com/plus/static/assets/themes/my-bootstrap/css/swiper.min.css]
[www.chronicle-web.com/plus/static/candy/common/css/base.css]
[www.chronicle-web.com/plus/static/candy/common/css/detail.css]
[www.chronicle-web.com/plus/static/candy/event/css/style.css]
[www.chronicle-web.com/plus/static/assets/themes/my-bootstrap/js/swiper.jquery.min.js]
[www.chronicle-web.com/plus/cache/common/js/scrollTop.js]
[www.chronicle-web.com/plus/event/index.html]
[www.chronicle-web.com/plus/static/images/banner_experiences.jpg]
[www.chronicle-web.com/plus/static/images/ex01.jpg]
[www.chronicle-web.com/plus/static/images/ex02.jpg]
[www.chronicle-web.com/plus/static/images/ex03.jpg]
[www.chronicle-web.com/plus/static/images/ex04.jpg]
[www.chronicle-web.com/plus/static/images/icon01.png]
[www.chronicle-web.com/plus/static/images/photo1_2.jpg]
[www.chronicle-web.com/plus/static/images/photo1_2_xs.jpg]
[www.chronicle-web.com/plus/static/images/photo3_4.jpg]
[www.chronicle-web.com/plus/static/images/photo3_4_xs.jpg]
[www.chronicle-web.com/plus/static/images/material01.png]
[www.chronicle-web.com/plus/static/images/material02.png]
[www.chronicle-web.com/plus/static/images/material03.png]
[www.chronicle-web.com/plus/static/images/material04.png]
[www.chronicle-web.com/plus/static/images/material05.png]
[www.chronicle-web.com/plus/static/images/material06.png]
[www.chronicle-web.com/plus/static/images/i_text.png]
[www.chronicle-web.com/plus/static/images/photo5_6.jpg]
[www.chronicle-web.com/plus/static/images/photo5_6_xs.jpg]
[www.chronicle-web.com/plus/static/images/sr01.jpg]
[www.chronicle-web.com/plus/static/images/sr02.jpg]
[www.chronicle-web.com/plus/static/images/sr03.jpg]
[www.chronicle-web.com/plus/static/images/sr04.jpg]
[www.chronicle-web.com/plus/voice/index-2.html]
[www.chronicle-web.com/plus/static/images/i_chat_white.png]
[www.chronicle-web.com/plus/static/images/btn01.jpg]
[www.chronicle-web.com/plus/experiences2/index.html]
[www.chronicle-web.com/plus/static/images/btn02.jpg]
[www.chronicle-web.com/plus/voice/index.html]
[www.chronicle-web.com/plus/static/vr/css/common.css]
[www.chronicle-web.com/plus/static/vr/css/index.css]
[www.chronicle-web.com/plus/static/vr/css/contact.css]
[www.chronicle-web.com/plus/static/vr/css/style.css]
[maxcdn.bootstrapcdn.com/font-awesome/4.7.0/css/font-awesome.min.css]
[www.chronicle-web.com/plus/static/vr/img/h2.png]
[www.chronicle-web.com/plus/static/vr/img/h2_sp.png]
[www.chronicle-web.com/plus/static/vr/img/mv_img_pc.jpg]
[www.chronicle-web.com/plus/static/vr/img/point_01.png]
[www.chronicle-web.com/plus/static/vr/img/point_02.png]
[www.chronicle-web.com/plus/static/vr/img/point_03.png]
[www.chronicle-web.com/plus/static/vr/img/point_ttl.png]
[www.chronicle-web.com/plus/static/vr/img/vr_lp.jpg]
[www.chronicle-web.com/plus/static/vr/img/vr_lp_sp.jpg]
[www.chronicle-web.com/plus/static/vr/img/vr.png]
[www.chronicle-web.com/plus/static/vr/img/l_ttl01.png]
[www.chronicle-web.com/plus/static/vr/img/pic01_sp.png]
[www.chronicle-web.com/plus/static/vr/img/mobile_img.png]
[www.chronicle-web.com/plus/static/vr/img/pic01.png]
[www.chronicle-web.com/plus/static/vr/img/pic02.png]
[www.chronicle-web.com/plus/static/vr/img/cl03_img.png]
[www.chronicle-web.com/plus/static/vr/img/ar01.png]
[www.chronicle-web.com/plus/static/vr/img/in_copy01.png]
[www.chronicle-web.com/plus/static/vr/img/in_copy01_sp.png]
[www.chronicle-web.com/plus/static/vr/img/person_04_parts.png]
[www.chronicle-web.com/plus/static/vr/img/asw_ttl.png]
[www.chronicle-web.com/plus/static/vr/img/asw_ttl_sp.png]
[www.chronicle-web.com/plus/static/vr/img/asw_pic.png]
[www.chronicle-web.com/plus/static/vr/img/h3_02.png]
[www.chronicle-web.com/plus/static/vr/img/blank.gif]
[www.chronicle-web.com/plus/static/vr/img/slide_01.png]
[www.chronicle-web.com/plus/static/vr/img/slide_02.png]
[www.chronicle-web.com/plus/static/vr/img/slide_03.png]
[www.chronicle-web.com/plus/static/vr/img/h3_03.png]
[www.chronicle-web.com/plus/static/vr/img/house02.jpg]
[www.chronicle-web.com/plus/static/vr/img/house02_sp.jpg]
[www.chronicle-web.com/plus/static/vr/img/dollhouse.jpg]
[www.chronicle-web.com/plus/static/vr/img/floor_plan.jpg]
[www.chronicle-web.com/plus/static/vr/img/btn_ancher01_02.jpg]
[www.chronicle-web.com/plus/static/vr/img/btn_ancher01_02_sp.jpg]
[www.chronicle-web.com/plus/static/vr/img/section07_01.png]
[www.chronicle-web.com/plus/static/vr/img/section07_01_sp.png]
[www.chronicle-web.com/plus/static/vr/img/section005_bg_sp1.jpg]
[www.chronicle-web.com/plus/static/vr/img/section05_h2.png]
[www.chronicle-web.com/plus/static/vr/img/section05_set.png]
[www.chronicle-web.com/plus/static/vr/img/section05_set_sp.png]
[www.chronicle-web.com/plus/static/vr/img/section06_h2.png]
[www.chronicle-web.com/plus/static/vr/img/section06_h2_sp.png]
[www.chronicle-web.com/plus/static/vr/img/telephone.png]
[www.chronicle-web.com/plus/static/vr/img/section08_h2.png]
[www.chronicle-web.com/plus/static/vr/img/external_link.png]
[www.chronicle-web.com/plus/static/vr/img/external_link_sp.png]
[www.chronicle-web.com/plus/static/vr/js/jquery.sliderPro.min.js]
[ajax.googleapis.com/ajax/libs/jqueryui/1/jquery-ui.min.js]
[ajax.googleapis.com/ajax/libs/jqueryui/1/i18n/jquery.ui.datepicker-ja.min.js]
[www.chronicle-web.com/plus/static/vr/js/common.js]
[www.chronicle-web.com/plus/static/vr/js/responsive.js]
[www.chronicle-web.com/plus/cache/common/js/ajaxzip3.js]
[navicast.jp/NavicastApid8ac.js]
[www.chronicle-web.com/plus/vr/index.html]
[www.chronicle-web.com/plus/static/candy/works/css/style.css]
[www.chronicle-web.com/plus/works/index.html]
[www.chronicle-web.com/plus/static/package/css/styles.css]
[www.chronicle-web.com/plus/static/package/js/script.js]
[www.chronicle-web.com/plus/static/package/js/sp_plus.js]
[www.chronicle-web.com/plus/static/package/js/swiper.js]
[www.chronicle-web.com/plus/static/package/js/responsiveslides.min.js]
[www.chronicle-web.com/plus/static/package/images/fv_img_pc.png]
[www.chronicle-web.com/plus/static/package/images/h2_renov_pc.png]
[www.chronicle-web.com/plus/static/package/images/h2_ttl_01.png]
[www.chronicle-web.com/plus/static/package/images/h2_sub_01.png]
[www.chronicle-web.com/plus/static/package/images/icon_star.png]
[www.chronicle-web.com/plus/static/package/images/h2_ttl_02.png]
[www.chronicle-web.com/plus/static/package/images/h2_sub_02.png]
[www.chronicle-web.com/plus/static/package/images/h3_ttl_01_pc.png]
[www.chronicle-web.com/plus/static/package/css/swiper.css]
[www.chronicle-web.com/plus/static/package/images/suite_pc.png]
[www.chronicle-web.com/plus/static/package/images/h2_ttl_03.png]
[www.chronicle-web.com/plus/static/package/images/h2_sub_03.png]
[www.chronicle-web.com/plus/static/package/images/h3_ttl_02_pc.png]
[www.chronicle-web.com/plus/static/package/images/option_05_pc.jpg]
[www.chronicle-web.com/plus/static/package/images/option_03_pc.jpg]
[www.chronicle-web.com/plus/static/package/images/option_01_pc.jpg]
[www.chronicle-web.com/plus/static/package/images/option_02_pc.jpg]
[www.chronicle-web.com/plus/static/package/images/option_06_pc.jpg]
[www.chronicle-web.com/plus/static/package/images/option_07_pc.jpg]
[www.chronicle-web.com/plus/static/package/images/option_08_pc.jpg]
[www.chronicle-web.com/plus/static/package/images/option_04_pc.jpg]
[www.chronicle-web.com/plus/static/package/images/txt_01_px.png]
[www.chronicle-web.com/plus/static/package/images/h2_ttl_04.png]
[www.chronicle-web.com/plus/static/package/images/h2_sub_04.png]
[www.chronicle-web.com/plus/static/package/images/speedy_img_pc.jpg]
[www.chronicle-web.com/plus/about/index-2.html]
[www.chronicle-web.com/plus/static/package/images/btn_more.png]
[www.chronicle-web.com/plus/static/package/images/h2_ttl_05.png]
[www.chronicle-web.com/plus/static/package/images/h2_sub_05.png]
[www.chronicle-web.com/plus/static/package/images/money_img_pc.jpg]
[www.chronicle-web.com/plus/static/package/images/h2_vr.png]
[www.chronicle-web.com/plus/static/package/images/h2_ttl_06_pc.png]
[chronicle-web.aws.fudosan-king.jp/plus/cache/images/img01.jpg]
[www.chronicle-web.com/plus/static/package/images/btn_contact_pc.png]
[www.chronicle-web.com/plus/static/package/images/bnr_sp_02.png]
[www.chronicle-web.com/plus/package/index.html]
[www.chronicle-web.com/plus/showroom/index.html]
[www.chronicle-web.com/plus/static/common/js/favorites.js]
[www.chronicle-web.com/plus/favorites.html]
[www.chronicle-web.com/plus/signup.html]
[www.chronicle-web.com/plus/index1584.html]
[www.chronicle-web.com/plus/index8890.html]
[www.chronicle-web.com/plus/forgot_password.html]
[www.chronicle-web.com/plus/login.html]
[www.chronicle-web.com/plus/static/images/icon/favicons/apple-touch-icon.png]
[www.chronicle-web.com/plus/static/images/icon/favicons/favicon-32x32.png]
[www.chronicle-web.com/plus/static/images/icon/favicons/favicon-16x16.png]
[www.chronicle-web.com/plus/static/images/icon/favicons/manifest.json]
[www.chronicle-web.com/plus/static/assets/themes/my-bootstrap/dist/css/bootstrap7c50.css]
[www.chronicle-web.com/plus/static/assets/themes/my-bootstrap/css/global-navi7c50.css]
[www.chronicle-web.com/plus/static/owlcarousel/assets/owl.carousel.min7c50.css]
[www.chronicle-web.com/plus/static/owlcarousel/assets/owl.theme.default.min7c50.css]
[www.chronicle-web.com/plus/static/assets/themes/my-bootstrap/css/styles.css]
[www.chronicle-web.com/plus/static/assets/themes/my-bootstrap/css/mobile7c50.css]
[www.chronicle-web.com/plus/static/common/css/styles_nicker7c50.css]
[www.chronicle-web.com/plus/static/common/css/mobile_nicker7c50.css]
[www.chronicle-web.com/plus/static/assets/themes/my-bootstrap/js/jquery.easing.1.37c50.js]
[www.chronicle-web.com/plus/static/assets/themes/my-bootstrap/dist/js/bootstrap.min7c50.js]
[www.chronicle-web.com/plus/static/owlcarousel/owl.carousel7c50.js]
[www.chronicle-web.com/plus/static/assets/themes/my-bootstrap/js/jquery.matchHeight-min7c50.js]
[www.chronicle-web.com/plus/static/assets/themes/my-bootstrap/js/jquery.datetimepicker.full.min7c50.js]
[www.chronicle-web.com/plus/static/assets/themes/my-bootstrap/js/functions7c50.js]
[www.chronicle-web.com/plus/static/assets/themes/my-bootstrap/css/jquery.datetimepicker.css]
[www.chronicle-web.com/plus/static/easyform/js/autoConfirm.js]
[www.chronicle-web.com/plus/flow/index-2.html]
[www.chronicle-web.com/plus/sample/index.html]
[www.chronicle-web.com/plus/service/index.html]
[www.chronicle-web.com/plus/policy/index.html]
[www.chronicle-web.com/plus/static/images/img_penguins.png]
[formassist.jp/FormAssist_tag7bbd.js]
[www.chronicle-web.com/plus/contactfb78.html]
[www.chronicle-web.com/plus/static/assets/themes/my-bootstrap/dist/css/bootstrap327c.css]
[www.chronicle-web.com/plus/static/assets/themes/my-bootstrap/css/global-navi327c.css]
[www.chronicle-web.com/plus/static/owlcarousel/assets/owl.carousel.min327c.css]
[www.chronicle-web.com/plus/static/owlcarousel/assets/owl.theme.default.min327c.css]
[www.chronicle-web.com/plus/static/assets/themes/my-bootstrap/css/mobile327c.css]
[www.chronicle-web.com/plus/static/common/css/styles_nicker327c.css]
[www.chronicle-web.com/plus/static/common/css/mobile_nicker327c.css]
[www.chronicle-web.com/plus/static/assets/themes/my-bootstrap/js/jquery.easing.1.3327c.js]
[www.chronicle-web.com/plus/static/assets/themes/my-bootstrap/dist/js/bootstrap.min327c.js]
[www.chronicle-web.com/plus/static/owlcarousel/owl.carousel327c.js]
[www.chronicle-web.com/plus/static/assets/themes/my-bootstrap/js/jquery.matchHeight-min327c.js]
[www.chronicle-web.com/plus/static/assets/themes/my-bootstrap/js/jquery.datetimepicker.full.min327c.js]
[www.chronicle-web.com/plus/static/assets/themes/my-bootstrap/js/functions327c.js]
[www.chronicle-web.com/plus/contact7fa3.html]
[www.chronicle-web.com/plus/contact.html]
[www.chronicle-web.com/plus/cache/assets/themes/my-bootstrap/dist/fonts/glyphicons-halflings-regular.svg]
[www.chronicle-web.com/plus/cache/assets/themes/my-bootstrap/images/bg-h.html]
[fonts.googleapis.com/earlyaccess/notosansjapanese.css]
[www.chronicle-web.com/plus/cache/assets/themes/my-bootstrap/css/fonts/Meiryo-Bold.svg]
[www.chronicle-web.com/plus/cache/assets/themes/my-bootstrap/css/fonts/Meiryo.svg]
